// Jest Snapshot v1, https://goo.gl/fbAQLP

exports[`Clock render correctly 1`] = `
<View>
  <Text
    accessible={true}
    allowFontScaling={true}
    ellipsizeMode="tail"
  >
    Clock
  </Text>
</View>
`;

exports[`Clock render correctly 2`] = `[Function]`;
